07/08/2026 11:10:36 | Processo: Organizando texto | Status: Em andamento
07/08/2026 11:10:36 | Processo: Organizando texto | Status: Bem-sucedido
07/08/2026 11:10:36 | Processo: Abrindo navegador | Status: Em andamento
07/08/2026 11:10:40 | Processo: Abrindo navegador | Status: Bem-sucedido
07/08/2026 11:10:55 | Processo: Alterando caixa para incidentes | Status: Em andamento
07/08/2026 11:10:55 | Processo: Alterando caixa para incidentes | Status: Falhou
07/08/2026 11:11:00 | Processo: Adicionando titulo | Status: Em andamento
07/08/2026 11:11:00 | Processo: Adicionando titulo | Status: Bem-sucedido
07/08/2026 11:11:02 | Processo: Adicionando descricao | Status: Em andamento
07/08/2026 11:11:02 | Processo: Adicionando descricao | Status: Bem-sucedido
07/08/2026 11:11:04 | Processo: Clicando em adicionar | Status: Em andamento
07/08/2026 11:11:05 | Processo: Clicando em adicionar | Status: Bem-sucedido
07/08/2026 11:11:13 | Processo: Alterando caixa para incidentes | Status: Em andamento
07/08/2026 11:11:14 | Processo: Alterando caixa para incidentes | Status: Bem-sucedido
07/08/2026 11:11:19 | Processo: Adicionando titulo | Status: Em andamento
07/08/2026 11:11:19 | Processo: Adicionando titulo | Status: Bem-sucedido
07/08/2026 11:11:21 | Processo: Adicionando descricao | Status: Em andamento
07/08/2026 11:11:21 | Processo: Adicionando descricao | Status: Bem-sucedido
07/08/2026 11:11:23 | Processo: Clicando em adicionar | Status: Em andamento
07/08/2026 11:11:23 | Processo: Clicando em adicionar | Status: Bem-sucedido
07/08/2026 11:11:31 | Processo: Finalizando chamados | Status: Bem-sucedido
07/08/2026 11:20:18 | Processo: Organizando texto | Status: Em andamento
07/08/2026 11:20:18 | Processo: Organizando texto | Status: Bem-sucedido
07/08/2026 11:20:18 | Processo: Abrindo navegador | Status: Em andamento
07/08/2026 11:20:21 | Processo: Abrindo navegador | Status: Bem-sucedido
07/08/2026 11:20:36 | Processo: Alterando caixa para incidentes | Status: Em andamento
07/08/2026 11:20:36 | Processo: Alterando caixa para incidentes | Status: Bem-sucedido
07/08/2026 11:20:41 | Processo: Adicionando titulo | Status: Em andamento
07/08/2026 11:20:42 | Processo: Adicionando titulo | Status: Bem-sucedido
07/08/2026 11:20:44 | Processo: Adicionando descricao | Status: Em andamento
07/08/2026 11:20:44 | Processo: Adicionando descricao | Status: Bem-sucedido
07/08/2026 11:20:46 | Processo: Clicando em adicionar | Status: Em andamento
07/08/2026 11:20:46 | Processo: Clicando em adicionar | Status: Bem-sucedido
07/08/2026 11:20:55 | Processo: Alterando caixa para incidentes | Status: Em andamento
07/08/2026 11:20:55 | Processo: Alterando caixa para incidentes | Status: Bem-sucedido
07/08/2026 11:21:00 | Processo: Adicionando titulo | Status: Em andamento
07/08/2026 11:21:00 | Processo: Adicionando titulo | Status: Bem-sucedido
07/08/2026 11:21:02 | Processo: Adicionando descricao | Status: Em andamento
07/08/2026 11:21:02 | Processo: Adicionando descricao | Status: Bem-sucedido
07/08/2026 11:21:04 | Processo: Clicando em adicionar | Status: Em andamento
07/08/2026 11:21:04 | Processo: Clicando em adicionar | Status: Bem-sucedido
07/08/2026 11:21:13 | Processo: Finalizando chamados | Status: Bem-sucedido
07/08/2026 11:28:21 | Processo: Organizando texto | Status: Em andamento
07/08/2026 11:28:21 | Processo: Organizando texto | Status: Bem-sucedido
07/08/2026 11:28:21 | Processo: Abrindo navegador | Status: Em andamento
07/08/2026 11:28:24 | Processo: Abrindo navegador | Status: Bem-sucedido
07/08/2026 11:28:39 | Processo: Alterando caixa para incidentes | Status: Em andamento
07/08/2026 11:28:39 | Processo: Alterando caixa para incidentes | Status: Bem-sucedido
07/08/2026 11:28:44 | Processo: Adicionando titulo | Status: Em andamento
07/08/2026 11:28:45 | Processo: Adicionando titulo | Status: Bem-sucedido
07/08/2026 11:28:47 | Processo: Adicionando descricao | Status: Em andamento
07/08/2026 11:28:47 | Processo: Adicionando descricao (Iframe) | Status: Bem-sucedido
07/08/2026 11:28:49 | Processo: Clicando em adicionar | Status: Em andamento
07/08/2026 11:28:49 | Processo: Clicando em adicionar | Status: Bem-sucedido
07/08/2026 11:28:58 | Processo: Alterando caixa para incidentes | Status: Em andamento
07/08/2026 11:28:58 | Processo: Alterando caixa para incidentes | Status: Bem-sucedido
07/08/2026 11:29:03 | Processo: Adicionando titulo | Status: Em andamento
07/08/2026 11:29:03 | Processo: Adicionando titulo | Status: Bem-sucedido
07/08/2026 11:29:05 | Processo: Adicionando descricao | Status: Em andamento
07/08/2026 11:29:05 | Processo: Adicionando descricao (Iframe) | Status: Bem-sucedido
07/08/2026 11:29:07 | Processo: Clicando em adicionar | Status: Em andamento
07/08/2026 11:29:07 | Processo: Clicando em adicionar | Status: Bem-sucedido
07/08/2026 11:29:16 | Processo: Finalizando chamados | Status: Bem-sucedido
07/08/2026 11:33:14 | Processo: Organizando texto | Status: Em andamento
07/08/2026 11:33:14 | Processo: Organizando texto | Status: Bem-sucedido
07/08/2026 11:33:14 | Processo: Abrindo navegador | Status: Em andamento
07/08/2026 11:33:17 | Processo: Abrindo navegador | Status: Bem-sucedido
07/08/2026 11:33:32 | Processo: Alterando caixa para incidentes | Status: Em andamento
07/08/2026 11:33:32 | Processo: Alterando caixa para incidentes | Status: Falhou
07/08/2026 11:33:37 | Processo: Adicionando titulo | Status: Em andamento
07/08/2026 11:33:41 | Processo: Adicionando titulo | Status: Bem-sucedido
07/08/2026 11:33:43 | Processo: Adicionando descricao | Status: Em andamento
07/08/2026 11:33:43 | Processo: Adicionando descricao (Iframe) | Status: Bem-sucedido
07/08/2026 11:33:45 | Processo: Clicando em adicionar | Status: Em andamento
07/08/2026 11:33:48 | Processo: Clicando em adicionar | Status: Bem-sucedido
07/08/2026 11:37:19 | Processo: Organizando texto | Status: Em andamento
07/08/2026 11:37:19 | Processo: Organizando texto | Status: Bem-sucedido
07/08/2026 11:37:19 | Processo: Abrindo navegador | Status: Em andamento
07/08/2026 11:37:23 | Processo: Abrindo navegador | Status: Bem-sucedido
07/08/2026 11:37:38 | Processo: Alterando caixa para incidentes | Status: Em andamento
07/08/2026 11:37:39 | Processo: Alterando caixa para incidentes | Status: Bem-sucedido
07/08/2026 11:37:44 | Processo: Adicionando titulo | Status: Em andamento
07/08/2026 11:37:45 | Processo: Adicionando titulo | Status: Bem-sucedido
07/08/2026 11:37:47 | Processo: Adicionando descricao | Status: Em andamento
07/08/2026 11:37:47 | Processo: Adicionando descricao (Iframe) | Status: Bem-sucedido
07/08/2026 11:37:49 | Processo: Clicando em adicionar | Status: Em andamento
07/08/2026 11:37:50 | Processo: Clicando em adicionar | Status: Bem-sucedido
07/08/2026 11:37:59 | Processo: Finalizando chamados | Status: Bem-sucedido
