08/08/2026 11:43:47 | INFO | Processo: Gerando CSV (Fonte) | Status: Em andamento
08/08/2026 11:43:47 | INFO | Processo: Gerando CSV (Fonte) | Status: Bem-sucedido | 43 linha(s)
08/08/2026 11:43:55 | INFO | Processo: Copiando planilha | Status: Bem-sucedido
08/08/2026 11:45:34 | INFO | Processo: Organizando texto | Status: Em andamento
08/08/2026 11:45:34 | INFO | Processo: Organizando texto | Status: Bem-sucedido | 3 item(ns)
08/08/2026 11:45:39 | INFO | Processo: Abrindo navegador | Status: Bem-sucedido
08/08/2026 11:45:59 | INFO | Item 1/3 (APC 300W): chamado aberto com sucesso.
08/08/2026 11:46:06 | INFO | Item 2/3 (APC 300W): chamado aberto com sucesso.
08/08/2026 11:46:14 | INFO | Item 3/3 (APC 300W): chamado aberto com sucesso.
08/08/2026 11:46:16 | INFO | Processo: Finalizando chamados | Status: Concluído | 3/3 sucesso(s)
10/08/2026 08:45:47 | INFO | Processo: Organizando texto | Status: Em andamento
10/08/2026 08:45:47 | INFO | Processo: Organizando texto | Status: Bem-sucedido | 11 item(ns)
10/08/2026 08:45:52 | INFO | Processo: Abrindo navegador | Status: Bem-sucedido
10/08/2026 08:46:14 | INFO | Item 1/11 (APC 300W): chamado aberto com sucesso.
10/08/2026 08:46:23 | INFO | Item 2/11 (APC 300W): chamado aberto com sucesso.
10/08/2026 08:46:31 | INFO | Item 3/11 (APC 300W): chamado aberto com sucesso.
10/08/2026 08:46:39 | INFO | Item 4/11 (APC 300W): chamado aberto com sucesso.
10/08/2026 08:46:48 | INFO | Item 5/11 (APC 300W): chamado aberto com sucesso.
10/08/2026 08:46:57 | INFO | Item 6/11 (APC 1000W): chamado aberto com sucesso.
10/08/2026 08:47:07 | INFO | Item 7/11 (SMS 300W): chamado aberto com sucesso.
10/08/2026 08:47:16 | INFO | Item 8/11 (SMS 300W): chamado aberto com sucesso.
10/08/2026 08:47:24 | INFO | Item 9/11 (SMS 300W): chamado aberto com sucesso.
10/08/2026 08:47:32 | INFO | Item 10/11 (SMS 300W): chamado aberto com sucesso.
10/08/2026 08:47:40 | INFO | Item 11/11 (SMS 300W): chamado aberto com sucesso.
10/08/2026 08:47:42 | INFO | Processo: Finalizando chamados | Status: Concluído | 11/11 sucesso(s)
10/08/2026 08:48:41 | INFO | Processo: Organizando texto | Status: Em andamento
10/08/2026 08:48:41 | INFO | Processo: Organizando texto | Status: Bem-sucedido | 42 item(ns)
10/08/2026 08:48:43 | INFO | Processo: Abrindo navegador | Status: Bem-sucedido
10/08/2026 08:49:04 | INFO | Item 1/42 (COMTAC 200W): chamado aberto com sucesso.
10/08/2026 08:49:13 | INFO | Item 2/42 (COMTAC 200W): chamado aberto com sucesso.
10/08/2026 08:49:21 | INFO | Item 3/42 (COMTAC 250W): chamado aberto com sucesso.
10/08/2026 08:49:29 | INFO | Item 4/42 (COMTAC 250W): chamado aberto com sucesso.
10/08/2026 08:49:38 | INFO | Item 5/42 (COMTAC 250W): chamado aberto com sucesso.
10/08/2026 08:49:50 | INFO | Item 6/42 (COMTAC 250W): chamado aberto com sucesso.
10/08/2026 08:49:59 | INFO | Item 7/42 (COMTAC 250W): chamado aberto com sucesso.
10/08/2026 08:50:07 | INFO | Item 8/42 (COMTAC 250W): chamado aberto com sucesso.
10/08/2026 08:50:18 | INFO | Item 9/42 (COMTAC 250W): chamado aberto com sucesso.
10/08/2026 08:50:26 | INFO | Item 10/42 (ALLIED 250W): chamado aberto com sucesso.
10/08/2026 08:50:34 | INFO | Item 11/42 (ALLIED 250W): chamado aberto com sucesso.
10/08/2026 08:50:42 | INFO | Item 12/42 (ALLIED 250W): chamado aberto com sucesso.
10/08/2026 08:50:51 | INFO | Item 13/42 (ALLIED 250W): chamado aberto com sucesso.
10/08/2026 08:50:59 | INFO | Item 14/42 (ALLIED 250W): chamado aberto com sucesso.
10/08/2026 08:51:07 | INFO | Item 15/42 (ALLIED 250W): chamado aberto com sucesso.
10/08/2026 08:51:16 | INFO | Item 16/42 (ALLIED 250W): chamado aberto com sucesso.
10/08/2026 08:51:24 | INFO | Item 17/42 (ALLIED 180W): chamado aberto com sucesso.
10/08/2026 08:51:34 | INFO | Item 18/42 (ALLIED 180W): chamado aberto com sucesso.
10/08/2026 08:51:43 | INFO | Item 19/42 (ALLIED 180W): chamado aberto com sucesso.
10/08/2026 08:52:00 | INFO | Item 20/42 (ALLIED 300W): chamado aberto com sucesso.
10/08/2026 08:52:16 | INFO | Item 21/42 (KRONNUS 200W): chamado aberto com sucesso.
10/08/2026 08:52:32 | INFO | Item 22/42 (KRONNUS 200W): chamado aberto com sucesso.
10/08/2026 08:52:49 | INFO | Item 23/42 (KRONNUS 200W): chamado aberto com sucesso.
10/08/2026 08:52:57 | INFO | Item 24/42 (KRONNUS 200W): chamado aberto com sucesso.
10/08/2026 08:53:06 | INFO | Item 25/42 (KRONNUS 200W): chamado aberto com sucesso.
10/08/2026 08:53:14 | INFO | Item 26/42 (KRONNUS 200W): chamado aberto com sucesso.
10/08/2026 08:53:22 | INFO | Item 27/42 (KRONNUS 200W): chamado aberto com sucesso.
10/08/2026 08:53:30 | INFO | Item 28/42 (KRONNUS 200W): chamado aberto com sucesso.
10/08/2026 08:53:39 | INFO | Item 29/42 (GOLDENTEC 450W): chamado aberto com sucesso.
10/08/2026 08:53:48 | INFO | Item 30/42 (GOLDENTEC 450W): chamado aberto com sucesso.
10/08/2026 08:53:56 | INFO | Item 31/42 (GOLDENTEC 350W): chamado aberto com sucesso.
10/08/2026 08:54:05 | INFO | Item 32/42 (GOLDENTEC 200W): chamado aberto com sucesso.
10/08/2026 08:54:16 | INFO | Item 33/42 (GOLDENTEC 200W): chamado aberto com sucesso.
10/08/2026 08:54:24 | INFO | Item 34/42 (CLONE 500W): chamado aberto com sucesso.
10/08/2026 08:54:32 | INFO | Item 35/42 (ACBEL 180W): chamado aberto com sucesso.
10/08/2026 08:54:40 | INFO | Item 36/42 (HUNTKEY 180W): chamado aberto com sucesso.
10/08/2026 08:54:49 | INFO | Item 37/42 (WISE 200W): chamado aberto com sucesso.
10/08/2026 08:54:57 | INFO | Item 38/42 (WISE 200W): chamado aberto com sucesso.
10/08/2026 08:55:05 | INFO | Item 39/42 (LOGIN 250W): chamado aberto com sucesso.
10/08/2026 08:55:17 | INFO | Item 40/42 (LOGIN 250W): chamado aberto com sucesso.
10/08/2026 08:55:29 | INFO | Item 41/42 (MULTILASER 450W): chamado aberto com sucesso.
10/08/2026 08:55:37 | INFO | Item 42/42 (MULTILASER 400W): chamado aberto com sucesso.
10/08/2026 08:55:40 | INFO | Processo: Finalizando chamados | Status: Concluído | 42/42 sucesso(s)
10/08/2026 09:02:13 | INFO | Processo: Gerando CSV (Monitor) | Status: Em andamento
10/08/2026 09:02:13 | INFO | Processo: Gerando CSV (Monitor) | Status: Bem-sucedido | 8 linha(s)
10/08/2026 09:02:15 | INFO | Processo: Copiando planilha | Status: Bem-sucedido
10/08/2026 09:04:54 | INFO | Processo: Gerando CSV (Monitor) | Status: Em andamento
10/08/2026 09:04:54 | INFO | Processo: Gerando CSV (Monitor) | Status: Bem-sucedido | 8 linha(s)
10/08/2026 09:04:56 | INFO | Processo: Copiando planilha | Status: Bem-sucedido
10/08/2026 09:24:31 | INFO | Processo: Gerando CSV (Monitor) | Status: Em andamento
10/08/2026 09:24:31 | INFO | Processo: Gerando CSV (Monitor) | Status: Bem-sucedido | 8 linha(s)
10/08/2026 09:24:34 | INFO | Processo: Copiando planilha | Status: Bem-sucedido
10/08/2026 09:26:29 | INFO | Processo: Organizando texto | Status: Em andamento
10/08/2026 09:26:29 | INFO | Processo: Organizando texto | Status: Bem-sucedido | 2 item(ns)
10/08/2026 09:26:33 | INFO | Processo: Abrindo navegador | Status: Bem-sucedido
10/08/2026 09:26:54 | INFO | Item 1/2 (AOC): chamado aberto com sucesso.
10/08/2026 09:27:02 | INFO | Item 2/2 (AOC): chamado aberto com sucesso.
10/08/2026 09:27:04 | INFO | Processo: Finalizando chamados | Status: Concluído | 2/2 sucesso(s)
10/08/2026 09:27:23 | INFO | Processo: Organizando texto | Status: Em andamento
10/08/2026 09:27:23 | INFO | Processo: Organizando texto | Status: Bem-sucedido | 6 item(ns)
10/08/2026 09:27:26 | INFO | Processo: Abrindo navegador | Status: Bem-sucedido
10/08/2026 09:27:43 | INFO | Item 1/6 (AOC): chamado aberto com sucesso.
10/08/2026 09:27:52 | INFO | Item 2/6 (AOC): chamado aberto com sucesso.
10/08/2026 09:28:00 | INFO | Item 3/6 (AOC): chamado aberto com sucesso.
10/08/2026 09:28:08 | INFO | Item 4/6 (AOC): chamado aberto com sucesso.
10/08/2026 09:28:18 | INFO | Item 5/6 (LG): chamado aberto com sucesso.
10/08/2026 09:28:26 | INFO | Item 6/6 (LG): chamado aberto com sucesso.
10/08/2026 09:28:29 | INFO | Processo: Finalizando chamados | Status: Concluído | 6/6 sucesso(s)
